
> frontend@0.1.0 build
> next build

node.exe : ΓÜá Warning: Next.js inferred your workspace root, 
but it may not be correct.
At C:\Program Files\nodejs\npm.ps1:29 char:3
+   & $NODE_EXE $NPM_CLI_JS $args
+   ~~~~~~~~~~~~~~~~~~~~~~~~~~~~~
    + CategoryInfo          : NotSpecified: (ΓÜá Warning: Ne. 
   ..not be correct.:String) [], RemoteException
    + FullyQualifiedErrorId : NativeCommandError
 
 We detected multiple lockfiles and selected the directory of 
E:\casting test\package-lock.json as the root directory.
 To silence this warning, set `turbopack.root` in your 
Next.js config, or consider removing one of the lockfiles if 
it's not needed.
   See https://nextjs.org/docs/app/api-reference/config/next-c
onfig-js/turbopack#root-directory for more information.
 Detected additional lockfiles: 
   * E:\casting test\frontend\package-lock.json

Γû▓ Next.js 16.1.1 (Turbopack)
- Environments: .env.local
- Experiments (use with caution):
  ┬╖ serverActions

  Creating an optimized production build ...
Γ£ô Compiled successfully in 3.9s
  Running TypeScript ...
  Collecting page data using 15 workers ...
  Generating static pages using 15 workers (0/33) ...
Error occurred prerendering page "/blog/view". Read more: 
https://nextjs.org/docs/messages/prerender-error
Error: Route /blog/view with `dynamic = "error"` couldn't be 
rendered statically because it used `await searchParams`, 
`searchParams.then`, or similar. See more info here: https://n
extjs.org/docs/app/building-your-application/rendering/static-
and-dynamic#dynamic-rendering
Export encountered an error on /blog/view/page: /blog/view, 
exiting the build.
Γ¿» Next.js build worker exited with code: 1 and signal: null
npm error Lifecycle script `build` failed with error:
npm error code 1
npm error path E:\casting test\frontend
npm error workspace frontend@0.1.0
npm error location E:\casting test\frontend
npm error command failed
npm error command C:\WINDOWS\system32\cmd.exe /d /s /c next 
build
